exports[`test DiscoverPost renders correctly 1`] = `
<View>
  <View
    style={
      Array [
        Object {
          "backgroundColor": "white",
        },
        null,
      ]
    }>
    <View
      style={
        Array [
          Object {
            "height": 20,
          },
          null,
        ]
      } />
    <View
      style={
        Array [
          Object {
            "alignItems": "stretch",
            "flexDirection": "row",
            "height": 44,
            "justifyContent": "space-between",
          },
          Object {
            "backgroundColor": "#cce5ff",
            "height": 45,
          },
        ]
      }>
      <View
        style={
          Object {
            "alignItems": "center",
            "bottom": 0,
            "justifyContent": "center",
            "left": 0,
            "position": "absolute",
            "right": 0,
            "top": 0,
          }
        }>
        <Text
          accessible={true}
          allowFontScaling={true}
          ellipsizeMode="tail"
          style={
            Array [
              Object {
                "color": "#333",
                "fontSize": 17,
                "fontWeight": "500",
                "letterSpacing": 0.5,
              },
              null,
            ]
          }>
          Discover Post
        </Text>
      </View>
      <View
        style={
          Object {
            "alignItems": "stretch",
            "flexDirection": "row",
            "justifyContent": "center",
          }
        }>
        <View
          accessibilityComponentType={undefined}
          accessibilityLabel={undefined}
          accessibilityTraits={undefined}
          accessible={true}
          hitSlop={undefined}
          onLayout={undefined}
          onResponderGrant={[Function]}
          onResponderMove={[Function]}
          onResponderRelease={[Function]}
          onResponderTerminate={[Function]}
          onResponderTerminationRequest={[Function]}
          onStartShouldSetResponder={[Function]}
          style={
            Object {
              "alignItems": "center",
              "flexDirection": "row",
              "justifyContent": "center",
              "opacity": 1,
            }
          }
          testID={undefined}>
          <View
            style={
              Array [
                undefined,
                Object {
                  "marginLeft": 8,
                },
              ]
            }>
            <Text
              accessible={true}
              allowFontScaling={true}
              ellipsizeMode="tail"
              style={
                Array [
                  Object {
                    "fontSize": 17,
                    "letterSpacing": 0.5,
                  },
                  Object {
                    "color": "#0076FF",
                  },
                ]
              }>
              Back
            </Text>
          </View>
        </View>
      </View>
      <View
        style={
          Object {
            "alignItems": "stretch",
            "flexDirection": "row",
            "justifyContent": "center",
          }
        }>
        <View
          accessibilityComponentType={undefined}
          accessibilityLabel={undefined}
          accessibilityTraits={undefined}
          accessible={true}
          hitSlop={undefined}
          onLayout={undefined}
          onResponderGrant={[Function]}
          onResponderMove={[Function]}
          onResponderRelease={[Function]}
          onResponderTerminate={[Function]}
          onResponderTerminationRequest={[Function]}
          onStartShouldSetResponder={[Function]}
          style={
            Object {
              "alignItems": "center",
              "flexDirection": "row",
              "justifyContent": "center",
              "opacity": 1,
            }
          }
          testID={undefined}>
          <View
            style={
              Array [
                undefined,
                Object {
                  "marginRight": 8,
                },
              ]
            }>
            <Text
              accessible={true}
              allowFontScaling={true}
              ellipsizeMode="tail"
              style={
                Array [
                  Object {
                    "fontSize": 17,
                    "letterSpacing": 0.5,
                  },
                  Object {
                    "color": "#0076FF",
                  },
                ]
              }>
              
            </Text>
          </View>
        </View>
      </View>
    </View>
  </View>
  <ScrollView
    style={
      Object {
        "height": 602,
      }
    }>
    <View
      style={
        Object {
          "alignItems": "center",
          "justifyContent": "space-around",
        }
      }>
      <Image
        source={
          Object {
            "uri": "http://colab-sbx-137.oit.duke.edu:3000/www.path.com",
          }
        }
        style={
          Object {
            "height": 276,
            "resizeMode": "contain",
            "width": 375,
          }
        } />
    </View>
    <View
      onLayout={[Function]}
      style={
        Array [
          Object {
            "backgroundColor": "white",
            "flex": 1,
            "flexDirection": "row",
            "overflow": "hidden",
          },
          Object {
            "backgroundColor": "white",
            "borderColor": "gray",
            "borderTopWidth": 1,
            "flex": 3,
            "paddingTop": 10,
            "width": 375,
          },
        ]
      }>
      <View
        accessibilityComponentType={undefined}
        accessibilityLabel={undefined}
        accessibilityTraits={undefined}
        accessible={true}
        hitSlop={undefined}
        onLayout={undefined}
        onResponderGrant={[Function]}
        onResponderMove={[Function]}
        onResponderRelease={[Function]}
        onResponderTerminate={[Function]}
        onResponderTerminationRequest={[Function]}
        onStartShouldSetResponder={[Function]}
        style={
          Object {
            "justifyContent": "center",
            "marginLeft": 0,
            "padding": 16,
          }
        }
        testID={undefined}>
        <Text
          accessible={true}
          allowFontScaling={false}
          ellipsizeMode="tail"
          style={
            Array [
              Object {
                "color": "#24518D",
                "fontFamily": "FontAwesome",
                "fontSize": 25,
                "fontStyle": "normal",
                "fontWeight": "normal",
              },
              undefined,
            ]
          }>
          ï€­
        </Text>
      </View>
      <View
        accessibilityComponentType={undefined}
        accessibilityLabel={undefined}
        accessibilityTraits={undefined}
        accessible={true}
        hitSlop={undefined}
        onLayout={undefined}
        onResponderGrant={[Function]}
        onResponderMove={[Function]}
        onResponderRelease={[Function]}
        onResponderTerminate={[Function]}
        onResponderTerminationRequest={[Function]}
        onStartShouldSetResponder={[Function]}
        style={
          Object {
            "left": 80,
            "opacity": 0,
            "position": "absolute",
            "top": 16,
          }
        }
        testID={undefined}>
        <Text
          accessible={true}
          allowFontScaling={true}
          ellipsizeMode="tail"
          style={
            Array [
              Object {
                "color": "#D2D2D2",
                "fontFamily": "Arial",
                "fontSize": 18,
                "fontWeight": "bold",
              },
              Object {
                "color": "pink",
              },
            ]
          }>
          Story
        </Text>
      </View>
      <TextInput
        easing={[Function]}
        editable={false}
        iconClass={[Function]}
        iconColor="#24518D"
        iconName="book"
        inputStyle={
          Object {
            "color": "#24518D",
          }
        }
        label="Story"
        labelStyle={
          Object {
            "color": "pink",
          }
        }
        multiline={true}
        numberOfLines={2}
        onBlur={[Function]}
        onChange={[Function]}
        onFocus={[Function]}
        style={
          Array [
            Object {
              "color": "black",
              "flex": 1,
              "fontSize": 18,
              "paddingHorizontal": 16,
              "paddingVertical": 0,
            },
            Object {
              "color": "#24518D",
            },
          ]
        }
        underlineColorAndroid="transparent"
        value="This is a description" />
    </View>
    <View
      onLayout={[Function]}
      style={
        Array [
          Object {
            "backgroundColor": "white",
            "flex": 1,
            "flexDirection": "row",
            "overflow": "hidden",
          },
          Object {
            "backgroundColor": "white",
            "borderColor": "gray",
            "borderTopWidth": 1,
            "flex": 1,
            "width": 375,
          },
        ]
      }>
      <View
        accessibilityComponentType={undefined}
        accessibilityLabel={undefined}
        accessibilityTraits={undefined}
        accessible={true}
        hitSlop={undefined}
        onLayout={undefined}
        onResponderGrant={[Function]}
        onResponderMove={[Function]}
        onResponderRelease={[Function]}
        onResponderTerminate={[Function]}
        onResponderTerminationRequest={[Function]}
        onStartShouldSetResponder={[Function]}
        style={
          Object {
            "justifyContent": "center",
            "marginLeft": 0,
            "padding": 16,
          }
        }
        testID={undefined}>
        <Text
          accessible={true}
          allowFontScaling={false}
          ellipsizeMode="tail"
          style={
            Array [
              Object {
                "color": "#24518D",
                "fontFamily": "FontAwesome",
                "fontSize": 25,
                "fontStyle": "normal",
                "fontWeight": "normal",
              },
              undefined,
            ]
          }>
          ï‚¬
        </Text>
      </View>
      <View
        accessibilityComponentType={undefined}
        accessibilityLabel={undefined}
        accessibilityTraits={undefined}
        accessible={true}
        hitSlop={undefined}
        onLayout={undefined}
        onResponderGrant={[Function]}
        onResponderMove={[Function]}
        onResponderRelease={[Function]}
        onResponderTerminate={[Function]}
        onResponderTerminationRequest={[Function]}
        onStartShouldSetResponder={[Function]}
        style={
          Object {
            "left": 80,
            "opacity": 0,
            "position": "absolute",
            "top": 16,
          }
        }
        testID={undefined}>
        <Text
          accessible={true}
          allowFontScaling={true}
          ellipsizeMode="tail"
          style={
            Array [
              Object {
                "color": "#D2D2D2",
                "fontFamily": "Arial",
                "fontSize": 18,
                "fontWeight": "bold",
              },
              Object {
                "color": "pink",
              },
            ]
          }>
          Location
        </Text>
      </View>
      <TextInput
        easing={[Function]}
        editable={false}
        iconClass={[Function]}
        iconColor="#24518D"
        iconName="globe"
        inputStyle={
          Object {
            "color": "#24518D",
          }
        }
        label="Location"
        labelStyle={
          Object {
            "color": "pink",
          }
        }
        onBlur={[Function]}
        onChange={[Function]}
        onFocus={[Function]}
        style={
          Array [
            Object {
              "color": "black",
              "flex": 1,
              "fontSize": 18,
              "paddingHorizontal": 16,
              "paddingVertical": 0,
            },
            Object {
              "color": "#24518D",
            },
          ]
        }
        underlineColorAndroid="transparent"
        value="N/A" />
    </View>
    <View
      onLayout={[Function]}
      style={
        Array [
          Object {
            "backgroundColor": "white",
            "flex": 1,
            "flexDirection": "row",
            "overflow": "hidden",
          },
          Object {
            "backgroundColor": "white",
            "borderColor": "gray",
            "borderTopWidth": 1,
            "flex": 1,
            "width": 375,
          },
        ]
      }>
      <View
        accessibilityComponentType={undefined}
        accessibilityLabel={undefined}
        accessibilityTraits={undefined}
        accessible={true}
        hitSlop={undefined}
        onLayout={undefined}
        onResponderGrant={[Function]}
        onResponderMove={[Function]}
        onResponderRelease={[Function]}
        onResponderTerminate={[Function]}
        onResponderTerminationRequest={[Function]}
        onStartShouldSetResponder={[Function]}
        style={
          Object {
            "justifyContent": "center",
            "marginLeft": 0,
            "padding": 16,
          }
        }
        testID={undefined}>
        <Text
          accessible={true}
          allowFontScaling={false}
          ellipsizeMode="tail"
          style={
            Array [
              Object {
                "color": "#24518D",
                "fontFamily": "Material Icons",
                "fontSize": 25,
                "fontStyle": "normal",
                "fontWeight": "normal",
              },
              undefined,
            ]
          }>
          î¢¡
        </Text>
      </View>
      <View
        accessibilityComponentType={undefined}
        accessibilityLabel={undefined}
        accessibilityTraits={undefined}
        accessible={true}
        hitSlop={undefined}
        onLayout={undefined}
        onResponderGrant={[Function]}
        onResponderMove={[Function]}
        onResponderRelease={[Function]}
        onResponderTerminate={[Function]}
        onResponderTerminationRequest={[Function]}
        onStartShouldSetResponder={[Function]}
        style={
          Object {
            "left": 80,
            "opacity": 0,
            "position": "absolute",
            "top": 16,
          }
        }
        testID={undefined}>
        <Text
          accessible={true}
          allowFontScaling={true}
          ellipsizeMode="tail"
          style={
            Array [
              Object {
                "color": "#D2D2D2",
                "fontFamily": "Arial",
                "fontSize": 18,
                "fontWeight": "bold",
              },
              Object {
                "color": "pink",
              },
            ]
          }>
          Asking Price
        </Text>
      </View>
      <TextInput
        easing={[Function]}
        editable={false}
        iconClass={[Function]}
        iconColor="#24518D"
        iconName="payment"
        inputStyle={
          Object {
            "color": "#24518D",
          }
        }
        label="Asking Price"
        labelStyle={
          Object {
            "color": "pink",
          }
        }
        onBlur={[Function]}
        onChange={[Function]}
        onFocus={[Function]}
        style={
          Array [
            Object {
              "color": "black",
              "flex": 1,
              "fontSize": 18,
              "paddingHorizontal": 16,
              "paddingVertical": 0,
            },
            Object {
              "color": "#24518D",
            },
          ]
        }
        underlineColorAndroid="transparent"
        value="10" />
    </View>
    <View
      onLayout={[Function]}
      style={
        Array [
          Object {
            "backgroundColor": "white",
            "flex": 1,
            "flexDirection": "row",
            "overflow": "hidden",
          },
          Object {
            "borderColor": "gray",
            "borderTopWidth": 1,
            "width": 375,
          },
        ]
      }>
      <View
        accessibilityComponentType={undefined}
        accessibilityLabel={undefined}
        accessibilityTraits={undefined}
        accessible={true}
        hitSlop={undefined}
        onLayout={undefined}
        onResponderGrant={[Function]}
        onResponderMove={[Function]}
        onResponderRelease={[Function]}
        onResponderTerminate={[Function]}
        onResponderTerminationRequest={[Function]}
        onStartShouldSetResponder={[Function]}
        style={
          Object {
            "justifyContent": "center",
            "marginLeft": 0,
            "padding": 16,
          }
        }
        testID={undefined}>
        <Text
          accessible={true}
          allowFontScaling={false}
          ellipsizeMode="tail"
          style={
            Array [
              Object {
                "color": "#24518D",
                "fontFamily": "Material Icons",
                "fontSize": 25,
                "fontStyle": "normal",
                "fontWeight": "normal",
              },
              undefined,
            ]
          }>
          î£’
        </Text>
      </View>
      <View
        accessibilityComponentType={undefined}
        accessibilityLabel={undefined}
        accessibilityTraits={undefined}
        accessible={true}
        hitSlop={undefined}
        onLayout={undefined}
        onResponderGrant={[Function]}
        onResponderMove={[Function]}
        onResponderRelease={[Function]}
        onResponderTerminate={[Function]}
        onResponderTerminationRequest={[Function]}
        onStartShouldSetResponder={[Function]}
        style={
          Object {
            "left": 80,
            "opacity": 0,
            "position": "absolute",
            "top": 16,
          }
        }
        testID={undefined}>
        <Text
          accessible={true}
          allowFontScaling={true}
          ellipsizeMode="tail"
          style={
            Array [
              Object {
                "color": "#D2D2D2",
                "fontFamily": "Arial",
                "fontSize": 18,
                "fontWeight": "bold",
              },
              Object {
                "color": "pink",
              },
            ]
          }>
          Type
        </Text>
      </View>
      <TextInput
        easing={[Function]}
        editable={false}
        iconClass={[Function]}
        iconColor="#24518D"
        iconName="subject"
        inputStyle={
          Object {
            "color": "#24518D",
          }
        }
        label="Type"
        labelStyle={
          Object {
            "color": "pink",
          }
        }
        onBlur={[Function]}
        onChange={[Function]}
        onFocus={[Function]}
        style={
          Array [
            Object {
              "color": "black",
              "flex": 1,
              "fontSize": 18,
              "paddingHorizontal": 16,
              "paddingVertical": 0,
            },
            Object {
              "color": "#24518D",
            },
          ]
        }
        underlineColorAndroid="transparent"
        value="Ceramic" />
    </View>
    <View
      accessibilityComponentType="button"
      accessibilityLabel={undefined}
      accessibilityTraits="button"
      accessible={true}
      hitSlop={undefined}
      onLayout={undefined}
      onResponderGrant={[Function]}
      onResponderMove={[Function]}
      onResponderRelease={[Function]}
      onResponderTerminate={[Function]}
      onResponderTerminationRequest={[Function]}
      onStartShouldSetResponder={[Function]}
      style={
        Object {
          "alignItems": "center",
          "backgroundColor": "#24518D",
          "borderRadius": 2,
          "maxHeight": 50,
          "opacity": 1,
          "overflow": "hidden",
          "padding": 10,
        }
      }
      testID={undefined}>
      <Text
        accessible={true}
        allowFontScaling={false}
        ellipsizeMode="tail"
        style={
          Array [
            Object {
              "color": undefined,
              "fontFamily": "FontAwesome",
              "fontSize": 33.12,
              "fontStyle": "normal",
              "fontWeight": "normal",
            },
            undefined,
          ]
        }>
        ïƒ 
      </Text>
    </View>
  </ScrollView>
</View>
`;
